<html>
<body>
<pre>
<h1>µVision Build Log</h1>
<h2>Tool Versions:</h2>
IDE-Version: ¦ÌVision V5.21.1.0
Copyright (C) 2016 ARM Ltd and ARM Germany GmbH. All rights reserved.
License Information: . ., ., LIC=IK12Z-J1RY6-RX9UD-8GGQL-64JUR-9ESXX
 
Tool Versions:
Toolchain:       MDK-ARM Plus  Version: 5.21a
Toolchain Path:  C:\Keil_v5\ARM\ARMCC\Bin
C Compiler:      Armcc.exe V5.06 update 3 (build 300)
Assembler:       Armasm.exe V5.06 update 3 (build 300)
Linker/Locator:  ArmLink.exe V5.06 update 3 (build 300)
Library Manager: ArmAr.exe V5.06 update 3 (build 300)
Hex Converter:   FromElf.exe V5.06 update 3 (build 300)
CPU DLL:         SARMCM3.DLL V5.21a
Dialog DLL:      DCM.DLL V1.13.8.0
Target DLL:      STLink\ST-LINKIII-KEIL_SWO.dll V2.0.18.0
Dialog DLL:      TCM.DLL V1.14.14.0
 
<h2>Project:</h2>
E:\£¿£¿£¿\Desktop\¿É´©´÷\Project\Pro\TEST.uvprojx
Project File Date:  11/18/2021

<h2>Output:</h2>
*** Using Compiler 'V5.06 update 3 (build 300)', folder: 'C:\Keil_v5\ARM\ARMCC\Bin'
Build target 'TEST'
compiling main.c...
..\..\USER\main.c(53): warning:  #167-D: argument of type "u8 *" is incompatible with parameter of type "const char *restrict"
  		printf(str);
..\..\USER\main.c(63): warning:  #167-D: argument of type "u8 *" is incompatible with parameter of type "const char *restrict"
  		printf(str);
..\..\USER\main.c(68): warning:  #167-D: argument of type "u8 *" is incompatible with parameter of type "const char *restrict"
  		printf(str);
..\..\USER\main.c: 3 warnings, 0 errors
linking...
Program Size: Code=17028 RO-data=524 RW-data=60 ZI-data=1836  
FromELF: creating hex file...
"..\OBJ\TEST.axf" - 0 Error(s), 3 Warning(s).

<h2>Collection of Component include folders:</h2>
  E:\£¿£¿£¿\Desktop\¿É´©´÷\Project\Pro\RTE
  C:\Keil_v5\ARM\PACK\Keil\STM32F1xx_DFP\2.0.0\Device\Include

<h2>Collection of Component Files used:</h2>
Build Time Elapsed:  00:00:01
</pre>
</body>
</html>
