<html>
<body>
<pre>
<h1>礦ision Build Log</h1>
<h2>Project:</h2>
E:\STM32\多串口扩展PLC\串口扩展  test 00   模板\Project\Pro\TEST.uvproj
Project File Date:  04/06/2016

<h2>Output:</h2>
Build target 'TEST'
compiling usart.c...
linking...
Program Size: Code=10696 RO-data=336 RW-data=96 ZI-data=2312  
FromELF: creating hex file...
"..\OBJ\TEST.axf" - 0 Error(s), 0 Warning(s).
"..\..\USER\usart.c" - 0 Error(s), 0 Warning(s).
ompiling usart.c...
compiling misc.c...
compiling stm32f10x_usart.c...
compiling stm32f10x_tim.c...
compiling stm32f10x_gpio.c...
compiling stm32f10x_dma.c...
compiling stm32f10x_rcc.c...
linking...
Program Size: Code=10696 RO-data=336 RW-data=96 ZI-data=2312  
FromELF: creating hex file...
"..\OBJ\TEST.axf" - 0 Error(s), 0 Warning(s).
compiling main.c...
"..\..\USER\main.c" - 0 Error(s), 0 Warning(s).
