<html>
<body>
<pre>
<h1>礦ision Build Log</h1>
<h2>Tool Versions:</h2>
IDE-Version: μVision V5.21.1.0
Copyright (C) 2016 ARM Ltd and ARM Germany GmbH. All rights reserved.
License Information: . ., ., LIC=IK12Z-J1RY6-RX9UD-8GGQL-64JUR-9ESXX
 
Tool Versions:
Toolchain:       MDK-ARM Plus  Version: 5.21a
Toolchain Path:  C:\Keil_v5\ARM\ARMCC\Bin
C Compiler:      Armcc.exe V5.06 update 3 (build 300)
Assembler:       Armasm.exe V5.06 update 3 (build 300)
Linker/Locator:  ArmLink.exe V5.06 update 3 (build 300)
Library Manager: ArmAr.exe V5.06 update 3 (build 300)
Hex Converter:   FromElf.exe V5.06 update 3 (build 300)
CPU DLL:         SARMCM3.DLL V5.21a
Dialog DLL:      DCM.DLL V1.13.8.0
Target DLL:      STLink\ST-LINKIII-KEIL_SWO.dll V2.0.18.0
Dialog DLL:      TCM.DLL V1.14.14.0
 
<h2>Project:</h2>
E:\？？？\Desktop\可穿戴项目\代码\可穿戴 1129 DMA\Project\Pro\TEST.uvprojx
Project File Date:  11/30/2021

<h2>Output:</h2>
*** Using Compiler 'V5.06 update 3 (build 300)', folder: 'C:\Keil_v5\ARM\ARMCC\Bin'
Build target 'TEST'
compiling main.c...
..\..\USER\main.c(83): warning:  #167-D: argument of type "u8 *" is incompatible with parameter of type "const char *restrict"
  			printf(str);
..\..\USER\main.c(26): warning:  #177-D: variable "tempr" was declared but never referenced
  	static float tempr;
..\..\USER\main.c(27): warning:  #177-D: variable "cx" was declared but never referenced
  	short cx,cy,cz,Acc_x_cali=0,Acc_y_cali,Acc_z_cali,Gyr_x_cali=0,Gyr_y_cali=0,Gyr_z_cali=0;
..\..\USER\main.c(27): warning:  #177-D: variable "cy" was declared but never referenced
  	short cx,cy,cz,Acc_x_cali=0,Acc_y_cali,Acc_z_cali,Gyr_x_cali=0,Gyr_y_cali=0,Gyr_z_cali=0;
..\..\USER\main.c(27): warning:  #177-D: variable "cz" was declared but never referenced
  	short cx,cy,cz,Acc_x_cali=0,Acc_y_cali,Acc_z_cali,Gyr_x_cali=0,Gyr_y_cali=0,Gyr_z_cali=0;
..\..\USER\main.c(28): warning:  #177-D: variable "aacx" was declared but never referenced
  	float aacx=0, aacy=0, aacz=0, x ,y, z;
..\..\USER\main.c(28): warning:  #177-D: variable "aacy" was declared but never referenced
  	float aacx=0, aacy=0, aacz=0, x ,y, z;
..\..\USER\main.c(28): warning:  #177-D: variable "aacz" was declared but never referenced
  	float aacx=0, aacy=0, aacz=0, x ,y, z;
..\..\USER\main.c(28): warning:  #177-D: variable "x" was declared but never referenced
  	float aacx=0, aacy=0, aacz=0, x ,y, z;
..\..\USER\main.c(28): warning:  #177-D: variable "y" was declared but never referenced
  	float aacx=0, aacy=0, aacz=0, x ,y, z;
..\..\USER\main.c(28): warning:  #177-D: variable "z" was declared but never referenced
  	float aacx=0, aacy=0, aacz=0, x ,y, z;
..\..\USER\main.c(31): warning:  #177-D: variable "time" was declared but never referenced
  	u16 time=0;
..\..\USER\main.c: 12 warnings, 0 errors
linking...
Program Size: Code=11840 RO-data=336 RW-data=56 ZI-data=1880  
FromELF: creating hex file...
"..\OBJ\TEST.axf" - 0 Error(s), 12 Warning(s).

<h2>Collection of Component include folders:</h2>
  E:\？？？\Desktop\可穿戴项目\代码\可穿戴 1129 DMA\Project\Pro\RTE
  C:\Keil_v5\ARM\PACK\Keil\STM32F1xx_DFP\2.0.0\Device\Include

<h2>Collection of Component Files used:</h2>
Build Time Elapsed:  00:00:01
</pre>
</body>
</html>
