<html>
<body>
<pre>
<h1>礦ision Build Log</h1>
<h2>Tool Versions:</h2>
IDE-Version: μVision V5.21.1.0
Copyright (C) 2016 ARM Ltd and ARM Germany GmbH. All rights reserved.
License Information: . ., ., LIC=IK12Z-J1RY6-RX9UD-8GGQL-64JUR-9ESXX
 
Tool Versions:
Toolchain:       MDK-ARM Plus  Version: 5.21a
Toolchain Path:  C:\Keil_v5\ARM\ARMCC\Bin
C Compiler:      Armcc.exe V5.06 update 3 (build 300)
Assembler:       Armasm.exe V5.06 update 3 (build 300)
Linker/Locator:  ArmLink.exe V5.06 update 3 (build 300)
Library Manager: ArmAr.exe V5.06 update 3 (build 300)
Hex Converter:   FromElf.exe V5.06 update 3 (build 300)
CPU DLL:         SARMCM3.DLL V5.21a
Dialog DLL:      DCM.DLL V1.13.8.0
Target DLL:      STLink\ST-LINKIII-KEIL_SWO.dll V2.0.18.0
Dialog DLL:      TCM.DLL V1.14.14.0
 
<h2>Project:</h2>
E:\？？？\Desktop\可穿戴项目\代码\啊啊啊太快了不行啊慢一点啊缓存都要被填满了啊啊啊啊（带身份证且很没面子版）\Project\Pro\TEST.uvprojx
Project File Date:  03/10/2023

<h2>Output:</h2>
*** Using Compiler 'V5.06 update 3 (build 300)', folder: 'C:\Keil_v5\ARM\ARMCC\Bin'
Build target 'TEST'
assembling startup_stm32f10x_hd.s...
compiling core_cm3.c...
compiling sys.c...
compiling system_stm32f10x.c...
compiling delay.c...
compiling main.c...
..\..\USER\main.c(171): warning:  #167-D: argument of type "u8 *" is incompatible with parameter of type "const char *restrict"
  				printf(readStm32UniqueID());
..\..\USER\main.c(59): warning:  #177-D: variable "str" was declared but never referenced
  	u8 str[20],send_buf[SEND_BUF_SIZE],count=0,t=0,j;
..\..\USER\main.c: 2 warnings, 0 errors
compiling stm32f10x_spi.c...
compiling usart.c...
compiling adc.c...
compiling spi.c...
compiling dma.c...
compiling timer.c...
compiling mpuiic.c...
compiling mpu6050.c...
compiling IO.c...
..\..\USER\IO.c(113): warning:  #167-D: argument of type "u8 *" is incompatible with parameter of type "const char *restrict"
  	  printf(str);
..\..\USER\IO.c: 1 warning, 0 errors
compiling system.c...
compiling misc.c...
compiling stm32f10x_usart.c...
compiling stm32f10x_tim.c...
compiling stm32f10x_dma.c...
compiling stm32f10x_gpio.c...
compiling stm32f10x_rcc.c...
compiling stm32f10x_dac.c...
compiling stm32f10x_adc.c...
compiling stm32f10x_can.c...
linking...
Program Size: Code=12276 RO-data=336 RW-data=60 ZI-data=1948  
FromELF: creating hex file...
"..\OBJ\TEST.axf" - 0 Error(s), 3 Warning(s).

<h2>Collection of Component include folders:</h2>
  E:\？？？\Desktop\可穿戴项目\代码\啊啊啊太快了不行啊慢一点啊缓存都要被填满了啊啊啊啊（带身份证且很没面子版）\Project\Pro\RTE
  C:\Keil_v5\ARM\PACK\Keil\STM32F1xx_DFP\2.0.0\Device\Include

<h2>Collection of Component Files used:</h2>
Build Time Elapsed:  00:00:05
</pre>
</body>
</html>
